#HOD parameters (masses in unit of h^-1 M_{sol})---------------#
#log10(M_min)        = 11.906000 (8.05378e+11)
#log10(M_1)          = 13.285000 (1.92752e+13)
#log10(M_0)          = 6.676200 (4.7446e+06)
#sigma_log_M         = 0.484560     
#alpha               = 1.409100     
#Input parameters----------------------------------------------#
#zmin                         = 0.350000
#zmax                         = 0.600000
#mean redshift <z>            = 0.496412
#comoving volume V_c          = 9.70129e+08 (h^-3 Mpc^3 per solid angle)
#galaxy density n_g           = 6.458920e-03 (h^-3 Mpc^-3, in slice [zmin,zmax])
#weighted galaxy density n_g  = 6.466923e-03 (h^-3 Mpc^-3, weighted by n(z))
#Derived physical parameters at z =  0.50----------------------#
#average number of galaxies per halo <Ng> = 1.514129
#average galaxy bias <b_g>                = 1.285049
#average galaxy bias <b_g(z=0)>           = 1.189639
#satellite fraction frsat                 = 0.128527
#average halo mass log10(<M>)             = 13.179954
#concentration(<M>)                       = 5.958437
#bh(<M>)                                  = 1.733530
#<bh(M)>                                  = 0.697972
#D+                                       = 0.783627
#wp(rp) and n(M)---------------------------------------------#
#w = w_1hgcs + w_1hgss + w_2hg
#rp[h^-1 Mpc]  wp(rp)[h^-1 Mpc]    wp_1hgcs      wp_1hgss      wp_2hg        M            n(M)         n(M)_c       n(M)_s
0.010000 1.443776e+03 1.230240e+03 1.717394e+02 4.179690e+01 1.000000e+10 0.000000e+00 0.000000e+00 0.000000e+00
0.015849 1.125825e+03 9.135104e+02 1.705159e+02 4.179877e+01 1.995262e+10 0.000000e+00 0.000000e+00 0.000000e+00
0.025119 8.531259e+02 6.431083e+02 1.682141e+02 4.180357e+01 3.981072e+10 0.000000e+00 0.000000e+00 0.000000e+00
0.039811 6.323835e+02 4.264815e+02 1.640861e+02 4.181587e+01 7.943282e+10 0.000000e+00 0.000000e+00 0.000000e+00
0.063096 4.638433e+02 2.649139e+02 1.570828e+02 4.184663e+01 1.584893e+11 1.969819e-02 1.967549e-02 1.153475e-03
0.100000 3.410060e+02 1.530906e+02 1.459901e+02 4.192535e+01 3.162278e+11 1.183825e-01 1.180221e-01 3.053144e-03
0.158489 2.529692e+02 8.112313e+01 1.297145e+02 4.213150e+01 6.309573e+11 3.815803e-01 3.785214e-01 8.081312e-03
0.251189 1.884914e+02 3.777333e+01 1.079849e+02 4.273313e+01 1.258925e+12 7.296513e-01 7.143708e-01 2.139017e-02
0.398107 1.412344e+02 1.462940e+01 8.177963e+01 4.482540e+01 2.511886e+12 9.777040e-01 9.253156e-01 5.661680e-02
0.630957 1.047537e+02 4.445007e+00 5.368778e+01 4.662093e+01 5.011872e+12 1.138079e+00 9.897571e-01 1.498566e-01
1.000000 7.241810e+01 8.840618e-01 2.767929e+01 4.385476e+01 1.000000e+13 1.395665e+00 9.992957e-01 3.966489e-01
1.584893 4.672329e+01 7.530607e-02 9.135643e+00 3.751234e+01 1.995262e+13 2.049823e+00 9.999763e-01 1.049872e+00
2.511886 3.057842e+01 1.042239e-03 1.332682e+00 2.924470e+01 3.981072e+13 3.778857e+00 9.999996e-01 2.778858e+00
3.981072 2.176843e+01 7.746847e-06 5.231589e-02 2.171610e+01 7.943282e+13 8.355233e+00 1.000000e+00 7.355233e+00
6.309573 1.559695e+01 5.675603e-06 2.029569e-04 1.559674e+01 1.584893e+14 2.046823e+01 1.000000e+00 1.946823e+01
10.000000 1.044559e+01 -1.038647e-06 -3.675861e-05 1.044563e+01 3.162278e+14 5.252957e+01 1.000000e+00 5.152957e+01
15.848932 6.269808e+00 -2.244950e-07 -7.945072e-06 6.269816e+00 6.309573e+14 1.373912e+02 1.000000e+00 1.363912e+02
25.118864 3.194352e+00 8.394480e-08 2.970879e-06 3.194349e+00 1.258925e+15 3.620077e+02 1.000000e+00 3.610077e+02
39.810717 1.276204e+00 3.727744e-09 1.319281e-07 1.276204e+00 2.511886e+15 9.565348e+02 1.000000e+00 9.555348e+02
63.095734 4.116604e-01 -5.327998e-09 -1.885624e-07 4.116606e-01 5.011872e+15 2.530161e+03 1.000000e+00 2.529161e+03
